// Validating benchmarks:
// ***** BenchmarkRunner: Start   *****
// ***** Found 18 benchmark(s) in total *****
// ***** Building 1 exe(s) in Parallel: Start   *****
// ***** Done, took 00:00:00 (0.05 sec)   *****
// Found 18 benchmarks:
//   AsyncResourceSyncBenchmarks.RenderThread_Old_SyncTileIngestion: MediumRun(Toolchain=InProcessEmitToolchain, IterationCount=15, LaunchCount=2, WarmupCount=10) [TileCount=5]
//   AsyncResourceSyncBenchmarks.RenderThread_New_AsyncPreSynced: MediumRun(Toolchain=InProcessEmitToolchain, IterationCount=15, LaunchCount=2, WarmupCount=10) [TileCount=5]
//   AsyncResourceSyncBenchmarks.DrawBatch_Sequential_NoContention: MediumRun(Toolchain=InProcessEmitToolchain, IterationCount=15, LaunchCount=2, WarmupCount=10) [TileCount=5]
//   AsyncResourceSyncBenchmarks.DrawBatch_Concurrent_LockContention: MediumRun(Toolchain=InProcessEmitToolchain, IterationCount=15, LaunchCount=2, WarmupCount=10) [TileCount=5]
//   AsyncResourceSyncBenchmarks.Pipeline_Old_WorkerGen_RenderSync: MediumRun(Toolchain=InProcessEmitToolchain, IterationCount=15, LaunchCount=2, WarmupCount=10) [TileCount=5]
//   AsyncResourceSyncBenchmarks.Pipeline_New_AsyncGenAndSync: MediumRun(Toolchain=InProcessEmitToolchain, IterationCount=15, LaunchCount=2, WarmupCount=10) [TileCount=5]
//   AsyncResourceSyncBenchmarks.RenderThread_Old_SyncTileIngestion: MediumRun(Toolchain=InProcessEmitToolchain, IterationCount=15, LaunchCount=2, WarmupCount=10) [TileCount=20]
//   AsyncResourceSyncBenchmarks.RenderThread_New_AsyncPreSynced: MediumRun(Toolchain=InProcessEmitToolchain, IterationCount=15, LaunchCount=2, WarmupCount=10) [TileCount=20]
//   AsyncResourceSyncBenchmarks.DrawBatch_Sequential_NoContention: MediumRun(Toolchain=InProcessEmitToolchain, IterationCount=15, LaunchCount=2, WarmupCount=10) [TileCount=20]
//   AsyncResourceSyncBenchmarks.DrawBatch_Concurrent_LockContention: MediumRun(Toolchain=InProcessEmitToolchain, IterationCount=15, LaunchCount=2, WarmupCount=10) [TileCount=20]
//   AsyncResourceSyncBenchmarks.Pipeline_Old_WorkerGen_RenderSync: MediumRun(Toolchain=InProcessEmitToolchain, IterationCount=15, LaunchCount=2, WarmupCount=10) [TileCount=20]
//   AsyncResourceSyncBenchmarks.Pipeline_New_AsyncGenAndSync: MediumRun(Toolchain=InProcessEmitToolchain, IterationCount=15, LaunchCount=2, WarmupCount=10) [TileCount=20]
//   AsyncResourceSyncBenchmarks.RenderThread_Old_SyncTileIngestion: MediumRun(Toolchain=InProcessEmitToolchain, IterationCount=15, LaunchCount=2, WarmupCount=10) [TileCount=50]
//   AsyncResourceSyncBenchmarks.RenderThread_New_AsyncPreSynced: MediumRun(Toolchain=InProcessEmitToolchain, IterationCount=15, LaunchCount=2, WarmupCount=10) [TileCount=50]
//   AsyncResourceSyncBenchmarks.DrawBatch_Sequential_NoContention: MediumRun(Toolchain=InProcessEmitToolchain, IterationCount=15, LaunchCount=2, WarmupCount=10) [TileCount=50]
//   AsyncResourceSyncBenchmarks.DrawBatch_Concurrent_LockContention: MediumRun(Toolchain=InProcessEmitToolchain, IterationCount=15, LaunchCount=2, WarmupCount=10) [TileCount=50]
//   AsyncResourceSyncBenchmarks.Pipeline_Old_WorkerGen_RenderSync: MediumRun(Toolchain=InProcessEmitToolchain, IterationCount=15, LaunchCount=2, WarmupCount=10) [TileCount=50]
//   AsyncResourceSyncBenchmarks.Pipeline_New_AsyncGenAndSync: MediumRun(Toolchain=InProcessEmitToolchain, IterationCount=15, LaunchCount=2, WarmupCount=10) [TileCount=50]

Setup power plan (GUID: 8c5e7fda-e8bf-4a96-9a85-a6e23a8c635c FriendlyName: High performance)
// **************************
// Benchmark: AsyncResourceSyncBenchmarks.RenderThread_Old_SyncTileIngestion: MediumRun(Toolchain=InProcessEmitToolchain, IterationCount=15, LaunchCount=2, WarmupCount=10) [TileCount=5]
// *** Execute ***
// Launch: 1 / 2

// Benchmark Process Environment Information:
// BenchmarkDotNet v0.15.8
// Runtime=.NET 10.0.12 (10.0.12, 10.0.1226.42308), X64 RyuJIT x86-64-v3
// GC=Concurrent Workstation
// HardwareIntrinsics=AVX2+BMI1+BMI2+F16C+FMA+LZCNT+MOVBE,AVX,SSE3+SSSE3+SSE4.1+SSE4.2+POPCNT,X86Base+SSE+SSE2,AES+PCLMUL VectorSize=256
// Job: Job-HRAFHT(Toolchain=InProcessEmitToolchain, IterationCount=15, LaunchCount=2, WarmupCount=10)

OverheadJitting  1: 1 op, 223100.00 ns, 223.1000 us/op
WorkloadJitting  1: 1 op, 6654400.00 ns, 6.6544 ms/op

OverheadJitting  2: 16 op, 330600.00 ns, 20.6625 us/op
WorkloadJitting  2: 16 op, 634700.00 ns, 39.6688 us/op

WorkloadPilot    1: 16 op, 259100.00 ns, 16.1938 us/op
WorkloadPilot    2: 32 op, 655400.00 ns, 20.4813 us/op
WorkloadPilot    3: 64 op, 1300500.00 ns, 20.3203 us/op
WorkloadPilot    4: 128 op, 2492800.00 ns, 19.4750 us/op
WorkloadPilot    5: 256 op, 5345800.00 ns, 20.8820 us/op
WorkloadPilot    6: 512 op, 12387000.00 ns, 24.1934 us/op
WorkloadPilot    7: 1024 op, 26650600.00 ns, 26.0260 us/op
WorkloadPilot    8: 2048 op, 37366300.00 ns, 18.2453 us/op
WorkloadPilot    9: 4096 op, 74864900.00 ns, 18.2776 us/op
WorkloadPilot   10: 8192 op, 218652000.00 ns, 26.6909 us/op
WorkloadPilot   11: 16384 op, 113725200.00 ns, 6.9412 us/op
WorkloadPilot   12: 32768 op, 181672000.00 ns, 5.5442 us/op
WorkloadPilot   13: 65536 op, 375306400.00 ns, 5.7267 us/op
WorkloadPilot   14: 131072 op, 746628900.00 ns, 5.6963 us/op

OverheadWarmup   1: 131072 op, 202900.00 ns, 1.5480 ns/op
OverheadWarmup   2: 131072 op, 194500.00 ns, 1.4839 ns/op
OverheadWarmup   3: 131072 op, 195600.00 ns, 1.4923 ns/op
OverheadWarmup   4: 131072 op, 195500.00 ns, 1.4915 ns/op
OverheadWarmup   5: 131072 op, 206500.00 ns, 1.5755 ns/op
OverheadWarmup   6: 131072 op, 206500.00 ns, 1.5755 ns/op

OverheadActual   1: 131072 op, 227800.00 ns, 1.7380 ns/op
OverheadActual   2: 131072 op, 212900.00 ns, 1.6243 ns/op
OverheadActual   3: 131072 op, 196100.00 ns, 1.4961 ns/op
OverheadActual   4: 131072 op, 195500.00 ns, 1.4915 ns/op
OverheadActual   5: 131072 op, 196100.00 ns, 1.4961 ns/op
OverheadActual   6: 131072 op, 195500.00 ns, 1.4915 ns/op
OverheadActual   7: 131072 op, 198800.00 ns, 1.5167 ns/op
OverheadActual   8: 131072 op, 244400.00 ns, 1.8646 ns/op
OverheadActual   9: 131072 op, 204700.00 ns, 1.5617 ns/op
OverheadActual  10: 131072 op, 202300.00 ns, 1.5434 ns/op
OverheadActual  11: 131072 op, 201500.00 ns, 1.5373 ns/op
OverheadActual  12: 131072 op, 204300.00 ns, 1.5587 ns/op
OverheadActual  13: 131072 op, 206500.00 ns, 1.5755 ns/op
OverheadActual  14: 131072 op, 207700.00 ns, 1.5846 ns/op
OverheadActual  15: 131072 op, 205300.00 ns, 1.5663 ns/op

WorkloadWarmup   1: 131072 op, 734230700.00 ns, 5.6017 us/op
WorkloadWarmup   2: 131072 op, 898162100.00 ns, 6.8524 us/op
WorkloadWarmup   3: 131072 op, 949804200.00 ns, 7.2464 us/op
WorkloadWarmup   4: 131072 op, 940311600.00 ns, 7.1740 us/op
WorkloadWarmup   5: 131072 op, 911150800.00 ns, 6.9515 us/op
WorkloadWarmup   6: 131072 op, 846917900.00 ns, 6.4615 us/op
WorkloadWarmup   7: 131072 op, 825028600.00 ns, 6.2945 us/op
WorkloadWarmup   8: 131072 op, 752378300.00 ns, 5.7402 us/op
WorkloadWarmup   9: 131072 op, 791851500.00 ns, 6.0413 us/op
WorkloadWarmup  10: 131072 op, 801043100.00 ns, 6.1115 us/op

WorkloadActual   1: 131072 op, 735535200.00 ns, 5.6117 us/op
WorkloadActual   2: 131072 op, 792837900.00 ns, 6.0489 us/op
WorkloadActual   3: 131072 op, 778501200.00 ns, 5.9395 us/op
WorkloadActual   4: 131072 op, 763544700.00 ns, 5.8254 us/op
WorkloadActual   5: 131072 op, 761863700.00 ns, 5.8126 us/op
WorkloadActual   6: 131072 op, 821958500.00 ns, 6.2710 us/op
WorkloadActual   7: 131072 op, 764197300.00 ns, 5.8304 us/op
WorkloadActual   8: 131072 op, 801119500.00 ns, 6.1121 us/op
WorkloadActual   9: 131072 op, 771869400.00 ns, 5.8889 us/op
WorkloadActual  10: 131072 op, 891914200.00 ns, 6.8048 us/op
WorkloadActual  11: 131072 op, 821233900.00 ns, 6.2655 us/op
WorkloadActual  12: 131072 op, 830967800.00 ns, 6.3398 us/op
WorkloadActual  13: 131072 op, 844376700.00 ns, 6.4421 us/op
WorkloadActual  14: 131072 op, 761070400.00 ns, 5.8065 us/op
WorkloadActual  15: 131072 op, 786324400.00 ns, 5.9992 us/op

WorkloadResult   1: 131072 op, 735330900.00 ns, 5.6101 us/op
WorkloadResult   2: 131072 op, 792633600.00 ns, 6.0473 us/op
WorkloadResult   3: 131072 op, 778296900.00 ns, 5.9379 us/op
WorkloadResult   4: 131072 op, 763340400.00 ns, 5.8238 us/op
WorkloadResult   5: 131072 op, 761659400.00 ns, 5.8110 us/op
WorkloadResult   6: 131072 op, 821754200.00 ns, 6.2695 us/op
WorkloadResult   7: 131072 op, 763993000.00 ns, 5.8288 us/op
WorkloadResult   8: 131072 op, 800915200.00 ns, 6.1105 us/op
WorkloadResult   9: 131072 op, 771665100.00 ns, 5.8873 us/op
WorkloadResult  10: 131072 op, 891709900.00 ns, 6.8032 us/op
WorkloadResult  11: 131072 op, 821029600.00 ns, 6.2640 us/op
WorkloadResult  12: 131072 op, 830763500.00 ns, 6.3382 us/op
WorkloadResult  13: 131072 op, 844172400.00 ns, 6.4405 us/op
WorkloadResult  14: 131072 op, 760866100.00 ns, 5.8049 us/op
WorkloadResult  15: 131072 op, 786120100.00 ns, 5.9976 us/op
// GC:  136 7 0 2283798528 131072
// Threading:  0 0 131072

// Launch: 2 / 2

// Benchmark Process Environment Information:
// BenchmarkDotNet v0.15.8
// Runtime=.NET 10.0.12 (10.0.12, 10.0.1226.42308), X64 RyuJIT x86-64-v3
// GC=Concurrent Workstation
// HardwareIntrinsics=AVX2+BMI1+BMI2+F16C+FMA+LZCNT+MOVBE,AVX,SSE3+SSSE3+SSE4.1+SSE4.2+POPCNT,X86Base+SSE+SSE2,AES+PCLMUL VectorSize=256
// Job: Job-HRAFHT(Toolchain=InProcessEmitToolchain, IterationCount=15, LaunchCount=2, WarmupCount=10)

OverheadJitting  1: 1 op, 500.00 ns, 500.0000 ns/op
WorkloadJitting  1: 1 op, 12800.00 ns, 12.8000 us/op

OverheadJitting  2: 16 op, 400.00 ns, 25.0000 ns/op
WorkloadJitting  2: 16 op, 133700.00 ns, 8.3563 us/op

WorkloadPilot    1: 16 op, 139300.00 ns, 8.7063 us/op
WorkloadPilot    2: 32 op, 297700.00 ns, 9.3031 us/op
WorkloadPilot    3: 64 op, 399500.00 ns, 6.2422 us/op
WorkloadPilot    4: 128 op, 947300.00 ns, 7.4008 us/op
WorkloadPilot    5: 256 op, 1909500.00 ns, 7.4590 us/op
WorkloadPilot    6: 512 op, 6071300.00 ns, 11.8580 us/op
WorkloadPilot    7: 1024 op, 7256300.00 ns, 7.0862 us/op
WorkloadPilot    8: 2048 op, 16070600.00 ns, 7.8470 us/op
WorkloadPilot    9: 4096 op, 26687400.00 ns, 6.5155 us/op
WorkloadPilot   10: 8192 op, 64758400.00 ns, 7.9051 us/op
WorkloadPilot   11: 16384 op, 107624800.00 ns, 6.5689 us/op
WorkloadPilot   12: 32768 op, 195236200.00 ns, 5.9581 us/op
WorkloadPilot   13: 65536 op, 398934900.00 ns, 6.0873 us/op
WorkloadPilot   14: 131072 op, 796269900.00 ns, 6.0751 us/op

OverheadWarmup   1: 131072 op, 258800.00 ns, 1.9745 ns/op
OverheadWarmup   2: 131072 op, 208700.00 ns, 1.5923 ns/op
OverheadWarmup   3: 131072 op, 243100.00 ns, 1.8547 ns/op
OverheadWarmup   4: 131072 op, 241900.00 ns, 1.8456 ns/op
OverheadWarmup   5: 131072 op, 300000.00 ns, 2.2888 ns/op
OverheadWarmup   6: 131072 op, 317200.00 ns, 2.4200 ns/op
OverheadWarmup   7: 131072 op, 232600.00 ns, 1.7746 ns/op

OverheadActual   1: 131072 op, 224800.00 ns, 1.7151 ns/op
OverheadActual   2: 131072 op, 278100.00 ns, 2.1217 ns/op
OverheadActual   3: 131072 op, 230900.00 ns, 1.7616 ns/op
OverheadActual   4: 131072 op, 209600.00 ns, 1.5991 ns/op
OverheadActual   5: 131072 op, 268200.00 ns, 2.0462 ns/op
OverheadActual   6: 131072 op, 291400.00 ns, 2.2232 ns/op
OverheadActual   7: 131072 op, 234300.00 ns, 1.7876 ns/op
OverheadActual   8: 131072 op, 240500.00 ns, 1.8349 ns/op
OverheadActual   9: 131072 op, 337600.00 ns, 2.5757 ns/op
OverheadActual  10: 131072 op, 231100.00 ns, 1.7632 ns/op
OverheadActual  11: 131072 op, 236400.00 ns, 1.8036 ns/op
OverheadActual  12: 131072 op, 228200.00 ns, 1.7410 ns/op
OverheadActual  13: 131072 op, 209400.00 ns, 1.5976 ns/op
OverheadActual  14: 131072 op, 359800.00 ns, 2.7451 ns/op
OverheadActual  15: 131072 op, 325400.00 ns, 2.4826 ns/op
OverheadActual  16: 131072 op, 312000.00 ns, 2.3804 ns/op
OverheadActual  17: 131072 op, 296800.00 ns, 2.2644 ns/op
OverheadActual  18: 131072 op, 223100.00 ns, 1.7021 ns/op
OverheadActual  19: 131072 op, 235500.00 ns, 1.7967 ns/op
OverheadActual  20: 131072 op, 244300.00 ns, 1.8639 ns/op

WorkloadWarmup   1: 131072 op, 857556000.00 ns, 6.5426 us/op
WorkloadWarmup   2: 131072 op, 889533500.00 ns, 6.7866 us/op
WorkloadWarmup   3: 131072 op, 740083700.00 ns, 5.6464 us/op
WorkloadWarmup   4: 131072 op, 738818200.00 ns, 5.6367 us/op
WorkloadWarmup   5: 131072 op, 776035700.00 ns, 5.9207 us/op
WorkloadWarmup   6: 131072 op, 743633600.00 ns, 5.6735 us/op
WorkloadWarmup   7: 131072 op, 774417400.00 ns, 5.9083 us/op
WorkloadWarmup   8: 131072 op, 694845900.00 ns, 5.3013 us/op
WorkloadWarmup   9: 131072 op, 726885800.00 ns, 5.5457 us/op
WorkloadWarmup  10: 131072 op, 761290800.00 ns, 5.8082 us/op

WorkloadActual   1: 131072 op, 694465300.00 ns, 5.2983 us/op
WorkloadActual   2: 131072 op, 762306200.00 ns, 5.8159 us/op
WorkloadActual   3: 131072 op, 816526600.00 ns, 6.2296 us/op
WorkloadActual   4: 131072 op, 727122500.00 ns, 5.5475 us/op
WorkloadActual   5: 131072 op, 787788600.00 ns, 6.0104 us/op
WorkloadActual   6: 131072 op, 726994300.00 ns, 5.5465 us/op
WorkloadActual   7: 131072 op, 715819700.00 ns, 5.4613 us/op
WorkloadActual   8: 131072 op, 806977000.00 ns, 6.1567 us/op
WorkloadActual   9: 131072 op, 688192800.00 ns, 5.2505 us/op
WorkloadActual  10: 131072 op, 745823000.00 ns, 5.6902 us/op
WorkloadActual  11: 131072 op, 823380200.00 ns, 6.2819 us/op
WorkloadActual  12: 131072 op, 732012000.00 ns, 5.5848 us/op
WorkloadActual  13: 131072 op, 791409700.00 ns, 6.0380 us/op
WorkloadActual  14: 131072 op, 711602100.00 ns, 5.4291 us/op
WorkloadActual  15: 131072 op, 740639500.00 ns, 5.6506 us/op

WorkloadResult   1: 131072 op, 694226850.00 ns, 5.2965 us/op
WorkloadResult   2: 131072 op, 762067750.00 ns, 5.8141 us/op
WorkloadResult   3: 131072 op, 816288150.00 ns, 6.2278 us/op
WorkloadResult   4: 131072 op, 726884050.00 ns, 5.5457 us/op
WorkloadResult   5: 131072 op, 787550150.00 ns, 6.0085 us/op
WorkloadResult   6: 131072 op, 726755850.00 ns, 5.5447 us/op
WorkloadResult   7: 131072 op, 715581250.00 ns, 5.4595 us/op
WorkloadResult   8: 131072 op, 806738550.00 ns, 6.1549 us/op
WorkloadResult   9: 131072 op, 687954350.00 ns, 5.2487 us/op
WorkloadResult  10: 131072 op, 745584550.00 ns, 5.6884 us/op
WorkloadResult  11: 131072 op, 823141750.00 ns, 6.2801 us/op
WorkloadResult  12: 131072 op, 731773550.00 ns, 5.5830 us/op
WorkloadResult  13: 131072 op, 791171250.00 ns, 6.0362 us/op
WorkloadResult  14: 131072 op, 711363650.00 ns, 5.4273 us/op
WorkloadResult  15: 131072 op, 740401050.00 ns, 5.6488 us/op
// GC:  136 7 0 2283802176 131072
// Threading:  0 0 131072


Mean = 5.898 μs, StdErr = 0.066 μs (1.12%), N = 30, StdDev = 0.361 μs
Min = 5.249 μs, Q1 = 5.620 μs, Median = 5.858 μs, Q3 = 6.144 μs, Max = 6.803 μs
IQR = 0.524 μs, LowerFence = 4.834 μs, UpperFence = 6.930 μs
ConfidenceInterval = [5.657 μs; 6.139 μs] (CI 99.9%), Margin = 0.241 μs (4.09% of Mean)
Skewness = 0.26, Kurtosis = 2.6, MValue = 2

// ** Remained 17 (94.4%) benchmark(s) to run. Estimated finish 2026-09-28 16:32 (0h 12m from now) **
Setup power plan (GUID: 8c5e7fda-e8bf-4a96-9a85-a6e23a8c635c FriendlyName: High performance)
// **************************
// Benchmark: AsyncResourceSyncBenchmarks.RenderThread_New_AsyncPreSynced: MediumRun(Toolchain=InProcessEmitToolchain, IterationCount=15, LaunchCount=2, WarmupCount=10) [TileCount=5]
// *** Execute ***
// Launch: 1 / 2

// Benchmark Process Environment Information:
// BenchmarkDotNet v0.15.8
// Runtime=.NET 10.0.12 (10.0.12, 10.0.1226.42308), X64 RyuJIT x86-64-v3
// GC=Concurrent Workstation
// HardwareIntrinsics=AVX2+BMI1+BMI2+F16C+FMA+LZCNT+MOVBE,AVX,SSE3+SSSE3+SSE4.1+SSE4.2+POPCNT,X86Base+SSE+SSE2,AES+PCLMUL VectorSize=256
// Job: Job-HRAFHT(Toolchain=InProcessEmitToolchain, IterationCount=15, LaunchCount=2, WarmupCount=10)

OverheadJitting  1: 1 op, 224800.00 ns, 224.8000 us/op
WorkloadJitting  1: 1 op, 248300.00 ns, 248.3000 us/op

OverheadJitting  2: 16 op, 530100.00 ns, 33.1313 us/op
WorkloadJitting  2: 16 op, 385200.00 ns, 24.0750 us/op

WorkloadPilot    1: 16 op, 48400.00 ns, 3.0250 us/op
WorkloadPilot    2: 32 op, 53600.00 ns, 1.6750 us/op
WorkloadPilot    3: 64 op, 94700.00 ns, 1.4797 us/op
WorkloadPilot    4: 128 op, 223300.00 ns, 1.7445 us/op
WorkloadPilot    5: 256 op, 457800.00 ns, 1.7883 us/op
WorkloadPilot    6: 512 op, 1122200.00 ns, 2.1918 us/op
WorkloadPilot    7: 1024 op, 1839400.00 ns, 1.7963 us/op
WorkloadPilot    8: 2048 op, 4167400.00 ns, 2.0349 us/op
WorkloadPilot    9: 4096 op, 8163500.00 ns, 1.9930 us/op
WorkloadPilot   10: 8192 op, 13379200.00 ns, 1.6332 us/op
WorkloadPilot   11: 16384 op, 34911100.00 ns, 2.1308 us/op
WorkloadPilot   12: 32768 op, 76338600.00 ns, 2.3297 us/op
WorkloadPilot   13: 65536 op, 113790100.00 ns, 1.7363 us/op
WorkloadPilot   14: 131072 op, 203939900.00 ns, 1.5559 us/op
WorkloadPilot   15: 262144 op, 402410100.00 ns, 1.5351 us/op
WorkloadPilot   16: 524288 op, 830344400.00 ns, 1.5838 us/op

OverheadWarmup   1: 524288 op, 1498800.00 ns, 2.8587 ns/op
OverheadWarmup   2: 524288 op, 1588200.00 ns, 3.0293 ns/op
OverheadWarmup   3: 524288 op, 1510100.00 ns, 2.8803 ns/op
OverheadWarmup   4: 524288 op, 1510300.00 ns, 2.8807 ns/op
OverheadWarmup   5: 524288 op, 1453200.00 ns, 2.7718 ns/op

OverheadActual   1: 524288 op, 1319200.00 ns, 2.5162 ns/op
OverheadActual   2: 524288 op, 1584800.00 ns, 3.0228 ns/op
OverheadActual   3: 524288 op, 1165800.00 ns, 2.2236 ns/op
OverheadActual   4: 524288 op, 1564500.00 ns, 2.9840 ns/op
OverheadActual   5: 524288 op, 1496300.00 ns, 2.8540 ns/op
OverheadActual   6: 524288 op, 1607000.00 ns, 3.0651 ns/op
OverheadActual   7: 524288 op, 1451700.00 ns, 2.7689 ns/op
OverheadActual   8: 524288 op, 1535000.00 ns, 2.9278 ns/op
OverheadActual   9: 524288 op, 1643000.00 ns, 3.1338 ns/op
OverheadActual  10: 524288 op, 1462900.00 ns, 2.7903 ns/op
OverheadActual  11: 524288 op, 1550100.00 ns, 2.9566 ns/op
OverheadActual  12: 524288 op, 1147800.00 ns, 2.1893 ns/op
OverheadActual  13: 524288 op, 1554200.00 ns, 2.9644 ns/op
OverheadActual  14: 524288 op, 1767000.00 ns, 3.3703 ns/op
OverheadActual  15: 524288 op, 1572800.00 ns, 2.9999 ns/op
OverheadActual  16: 524288 op, 1516000.00 ns, 2.8915 ns/op
OverheadActual  17: 524288 op, 1138800.00 ns, 2.1721 ns/op
OverheadActual  18: 524288 op, 1687200.00 ns, 3.2181 ns/op
OverheadActual  19: 524288 op, 1536400.00 ns, 2.9305 ns/op
OverheadActual  20: 524288 op, 1520900.00 ns, 2.9009 ns/op

WorkloadWarmup   1: 524288 op, 758260100.00 ns, 1.4463 us/op
WorkloadWarmup   2: 524288 op, 774969000.00 ns, 1.4781 us/op
WorkloadWarmup   3: 524288 op, 827478400.00 ns, 1.5783 us/op
WorkloadWarmup   4: 524288 op, 770273800.00 ns, 1.4692 us/op
WorkloadWarmup   5: 524288 op, 854466400.00 ns, 1.6298 us/op
WorkloadWarmup   6: 524288 op, 737442700.00 ns, 1.4066 us/op
WorkloadWarmup   7: 524288 op, 801852400.00 ns, 1.5294 us/op
WorkloadWarmup   8: 524288 op, 826066900.00 ns, 1.5756 us/op
WorkloadWarmup   9: 524288 op, 769222700.00 ns, 1.4672 us/op
WorkloadWarmup  10: 524288 op, 832856900.00 ns, 1.5885 us/op

WorkloadActual   1: 524288 op, 936258400.00 ns, 1.7858 us/op
WorkloadActual   2: 524288 op, 980508100.00 ns, 1.8702 us/op
WorkloadActual   3: 524288 op, 992813900.00 ns, 1.8936 us/op
WorkloadActual   4: 524288 op, 875726400.00 ns, 1.6703 us/op
WorkloadActual   5: 524288 op, 865191000.00 ns, 1.6502 us/op
WorkloadActual   6: 524288 op, 883846200.00 ns, 1.6858 us/op
WorkloadActual   7: 524288 op, 781847000.00 ns, 1.4913 us/op
WorkloadActual   8: 524288 op, 785799800.00 ns, 1.4988 us/op
WorkloadActual   9: 524288 op, 849451300.00 ns, 1.6202 us/op
WorkloadActual  10: 524288 op, 911909700.00 ns, 1.7393 us/op
WorkloadActual  11: 524288 op, 951525500.00 ns, 1.8149 us/op
WorkloadActual  12: 524288 op, 931356300.00 ns, 1.7764 us/op
WorkloadActual  13: 524288 op, 928610200.00 ns, 1.7712 us/op
WorkloadActual  14: 524288 op, 801407400.00 ns, 1.5286 us/op
WorkloadActual  15: 524288 op, 763171800.00 ns, 1.4556 us/op

WorkloadResult   1: 524288 op, 934722700.00 ns, 1.7828 us/op
WorkloadResult   2: 524288 op, 978972400.00 ns, 1.8672 us/op
WorkloadResult   3: 524288 op, 991278200.00 ns, 1.8907 us/op
WorkloadResult   4: 524288 op, 874190700.00 ns, 1.6674 us/op
WorkloadResult   5: 524288 op, 863655300.00 ns, 1.6473 us/op
WorkloadResult   6: 524288 op, 882310500.00 ns, 1.6829 us/op
WorkloadResult   7: 524288 op, 780311300.00 ns, 1.4883 us/op
WorkloadResult   8: 524288 op, 784264100.00 ns, 1.4959 us/op
WorkloadResult   9: 524288 op, 847915600.00 ns, 1.6173 us/op
WorkloadResult  10: 524288 op, 910374000.00 ns, 1.7364 us/op
WorkloadResult  11: 524288 op, 949989800.00 ns, 1.8120 us/op
WorkloadResult  12: 524288 op, 929820600.00 ns, 1.7735 us/op
WorkloadResult  13: 524288 op, 927074500.00 ns, 1.7683 us/op
WorkloadResult  14: 524288 op, 799871700.00 ns, 1.5256 us/op
WorkloadResult  15: 524288 op, 761636100.00 ns, 1.4527 us/op
// GC:  0 0 0 0 524288
// Threading:  0 0 524288

// Launch: 2 / 2

// Benchmark Process Environment Information:
// BenchmarkDotNet v0.15.8
// Runtime=.NET 10.0.12 (10.0.12, 10.0.1226.42308), X64 RyuJIT x86-64-v3
// GC=Concurrent Workstation
// HardwareIntrinsics=AVX2+BMI1+BMI2+F16C+FMA+LZCNT+MOVBE,AVX,SSE3+SSSE3+SSE4.1+SSE4.2+POPCNT,X86Base+SSE+SSE2,AES+PCLMUL VectorSize=256
// Job: Job-HRAFHT(Toolchain=InProcessEmitToolchain, IterationCount=15, LaunchCount=2, WarmupCount=10)

OverheadJitting  1: 1 op, 400.00 ns, 400.0000 ns/op
WorkloadJitting  1: 1 op, 5900.00 ns, 5.9000 us/op

OverheadJitting  2: 16 op, 400.00 ns, 25.0000 ns/op
WorkloadJitting  2: 16 op, 39500.00 ns, 2.4688 us/op

WorkloadPilot    1: 16 op, 31200.00 ns, 1.9500 us/op
WorkloadPilot    2: 32 op, 65600.00 ns, 2.0500 us/op
WorkloadPilot    3: 64 op, 151600.00 ns, 2.3688 us/op
WorkloadPilot    4: 128 op, 294800.00 ns, 2.3031 us/op
WorkloadPilot    5: 256 op, 563500.00 ns, 2.2012 us/op
WorkloadPilot    6: 512 op, 840600.00 ns, 1.6418 us/op
WorkloadPilot    7: 1024 op, 1486500.00 ns, 1.4517 us/op
WorkloadPilot    8: 2048 op, 3063000.00 ns, 1.4956 us/op
WorkloadPilot    9: 4096 op, 7240000.00 ns, 1.7676 us/op
WorkloadPilot   10: 8192 op, 17902900.00 ns, 2.1854 us/op
WorkloadPilot   11: 16384 op, 26680800.00 ns, 1.6285 us/op
WorkloadPilot   12: 32768 op, 59123400.00 ns, 1.8043 us/op
WorkloadPilot   13: 65536 op, 109254800.00 ns, 1.6671 us/op
WorkloadPilot   14: 131072 op, 231534200.00 ns, 1.7665 us/op
WorkloadPilot   15: 262144 op, 418110300.00 ns, 1.5950 us/op
WorkloadPilot   16: 524288 op, 796849400.00 ns, 1.5199 us/op

OverheadWarmup   1: 524288 op, 1133900.00 ns, 2.1627 ns/op
OverheadWarmup   2: 524288 op, 974900.00 ns, 1.8595 ns/op
OverheadWarmup   3: 524288 op, 1002100.00 ns, 1.9114 ns/op
OverheadWarmup   4: 524288 op, 1148700.00 ns, 2.1910 ns/op
OverheadWarmup   5: 524288 op, 947900.00 ns, 1.8080 ns/op
OverheadWarmup   6: 524288 op, 843500.00 ns, 1.6088 ns/op
OverheadWarmup   7: 524288 op, 1051500.00 ns, 2.0056 ns/op
OverheadWarmup   8: 524288 op, 1053600.00 ns, 2.0096 ns/op
OverheadWarmup   9: 524288 op, 962400.00 ns, 1.8356 ns/op

OverheadActual   1: 524288 op, 941200.00 ns, 1.7952 ns/op
OverheadActual   2: 524288 op, 1255100.00 ns, 2.3939 ns/op
OverheadActual   3: 524288 op, 1324600.00 ns, 2.5265 ns/op
OverheadActual   4: 524288 op, 870200.00 ns, 1.6598 ns/op
OverheadActual   5: 524288 op, 898500.00 ns, 1.7138 ns/op
OverheadActual   6: 524288 op, 1385300.00 ns, 2.6423 ns/op
OverheadActual   7: 524288 op, 925500.00 ns, 1.7653 ns/op
OverheadActual   8: 524288 op, 847400.00 ns, 1.6163 ns/op
OverheadActual   9: 524288 op, 880800.00 ns, 1.6800 ns/op
OverheadActual  10: 524288 op, 859400.00 ns, 1.6392 ns/op
OverheadActual  11: 524288 op, 911000.00 ns, 1.7376 ns/op
OverheadActual  12: 524288 op, 894800.00 ns, 1.7067 ns/op
OverheadActual  13: 524288 op, 847900.00 ns, 1.6172 ns/op
OverheadActual  14: 524288 op, 907500.00 ns, 1.7309 ns/op
OverheadActual  15: 524288 op, 963300.00 ns, 1.8373 ns/op
OverheadActual  16: 524288 op, 856400.00 ns, 1.6335 ns/op

WorkloadWarmup   1: 524288 op, 793434000.00 ns, 1.5134 us/op
WorkloadWarmup   2: 524288 op, 734294700.00 ns, 1.4006 us/op
WorkloadWarmup   3: 524288 op, 818074700.00 ns, 1.5604 us/op
WorkloadWarmup   4: 524288 op, 774574200.00 ns, 1.4774 us/op
WorkloadWarmup   5: 524288 op, 839911000.00 ns, 1.6020 us/op
WorkloadWarmup   6: 524288 op, 838165700.00 ns, 1.5987 us/op
WorkloadWarmup   7: 524288 op, 766891100.00 ns, 1.4627 us/op
WorkloadWarmup   8: 524288 op, 842326700.00 ns, 1.6066 us/op
WorkloadWarmup   9: 524288 op, 825717400.00 ns, 1.5749 us/op
WorkloadWarmup  10: 524288 op, 823811400.00 ns, 1.5713 us/op

WorkloadActual   1: 524288 op, 777398200.00 ns, 1.4828 us/op
WorkloadActual   2: 524288 op, 744029400.00 ns, 1.4191 us/op
WorkloadActual   3: 524288 op, 819960100.00 ns, 1.5639 us/op
WorkloadActual   4: 524288 op, 784606500.00 ns, 1.4965 us/op
WorkloadActual   5: 524288 op, 832621700.00 ns, 1.5881 us/op
WorkloadActual   6: 524288 op, 796213700.00 ns, 1.5187 us/op
WorkloadActual   7: 524288 op, 749237900.00 ns, 1.4291 us/op
WorkloadActual   8: 524288 op, 835586200.00 ns, 1.5938 us/op
WorkloadActual   9: 524288 op, 778917800.00 ns, 1.4857 us/op
WorkloadActual  10: 524288 op, 778007500.00 ns, 1.4839 us/op
WorkloadActual  11: 524288 op, 801034100.00 ns, 1.5279 us/op
WorkloadActual  12: 524288 op, 735449000.00 ns, 1.4028 us/op
WorkloadActual  13: 524288 op, 887685300.00 ns, 1.6931 us/op
WorkloadActual  14: 524288 op, 743475300.00 ns, 1.4181 us/op
WorkloadActual  15: 524288 op, 767417700.00 ns, 1.4637 us/op

WorkloadResult   1: 524288 op, 776495200.00 ns, 1.4810 us/op
WorkloadResult   2: 524288 op, 743126400.00 ns, 1.4174 us/op
WorkloadResult   3: 524288 op, 819057100.00 ns, 1.5622 us/op
WorkloadResult   4: 524288 op, 783703500.00 ns, 1.4948 us/op
WorkloadResult   5: 524288 op, 831718700.00 ns, 1.5864 us/op
WorkloadResult   6: 524288 op, 795310700.00 ns, 1.5169 us/op
WorkloadResult   7: 524288 op, 748334900.00 ns, 1.4273 us/op
WorkloadResult   8: 524288 op, 834683200.00 ns, 1.5920 us/op
WorkloadResult   9: 524288 op, 778014800.00 ns, 1.4839 us/op
WorkloadResult  10: 524288 op, 777104500.00 ns, 1.4822 us/op
WorkloadResult  11: 524288 op, 800131100.00 ns, 1.5261 us/op
WorkloadResult  12: 524288 op, 734546000.00 ns, 1.4010 us/op
WorkloadResult  13: 524288 op, 886782300.00 ns, 1.6914 us/op
WorkloadResult  14: 524288 op, 742572300.00 ns, 1.4163 us/op
WorkloadResult  15: 524288 op, 766514700.00 ns, 1.4620 us/op
// GC:  0 0 0 2016 524288
// Threading:  0 0 524288


Mean = 1.592 μs, StdErr = 0.026 μs (1.66%), N = 30, StdDev = 0.144 μs
Min = 1.401 μs, Q1 = 1.483 μs, Median = 1.544 μs, Q3 = 1.689 μs, Max = 1.891 μs
IQR = 0.207 μs, LowerFence = 1.173 μs, UpperFence = 1.999 μs
ConfidenceInterval = [1.495 μs; 1.688 μs] (CI 99.9%), Margin = 0.096 μs (6.06% of Mean)
Skewness = 0.53, Kurtosis = 1.96, MValue = 2.86

// ** Remained 16 (88.9%) benchmark(s) to run. Estimated finish 2026-09-28 16:32 (0h 12m from now) **
Setup power plan (GUID: 8c5e7fda-e8bf-4a96-9a85-a6e23a8c635c FriendlyName: High performance)
// **************************
// Benchmark: AsyncResourceSyncBenchmarks.DrawBatch_Sequential_NoContention: MediumRun(Toolchain=InProcessEmitToolchain, IterationCount=15, LaunchCount=2, WarmupCount=10) [TileCount=5]
// *** Execute ***
// Launch: 1 / 2

// Benchmark Process Environment Information:
// BenchmarkDotNet v0.15.8
// Runtime=.NET 10.0.12 (10.0.12, 10.0.1226.42308), X64 RyuJIT x86-64-v3
// GC=Concurrent Workstation
// HardwareIntrinsics=AVX2+BMI1+BMI2+F16C+FMA+LZCNT+MOVBE,AVX,SSE3+SSSE3+SSE4.1+SSE4.2+POPCNT,X86Base+SSE+SSE2,AES+PCLMUL VectorSize=256
// Job: Job-HRAFHT(Toolchain=InProcessEmitToolchain, IterationCount=15, LaunchCount=2, WarmupCount=10)

OverheadJitting  1: 1 op, 202200.00 ns, 202.2000 us/op
WorkloadJitting  1: 1 op, 212800.00 ns, 212.8000 us/op

OverheadJitting  2: 16 op, 394600.00 ns, 24.6625 us/op
WorkloadJitting  2: 16 op, 431000.00 ns, 26.9375 us/op

WorkloadPilot    1: 16 op, 40700.00 ns, 2.5438 us/op
WorkloadPilot    2: 32 op, 86100.00 ns, 2.6906 us/op
WorkloadPilot    3: 64 op, 160200.00 ns, 2.5031 us/op
WorkloadPilot    4: 128 op, 304000.00 ns, 2.3750 us/op
WorkloadPilot    5: 256 op, 602100.00 ns, 2.3520 us/op
WorkloadPilot    6: 512 op, 1058300.00 ns, 2.0670 us/op
WorkloadPilot    7: 1024 op, 1938600.00 ns, 1.8932 us/op
WorkloadPilot    8: 2048 op, 3223900.00 ns, 1.5742 us/op
WorkloadPilot    9: 4096 op, 7255100.00 ns, 1.7713 us/op
WorkloadPilot   10: 8192 op, 15204100.00 ns, 1.8560 us/op
WorkloadPilot   11: 16384 op, 33668600.00 ns, 2.0550 us/op
WorkloadPilot   12: 32768 op, 72372800.00 ns, 2.2086 us/op
WorkloadPilot   13: 65536 op, 123199000.00 ns, 1.8799 us/op
WorkloadPilot   14: 131072 op, 244593900.00 ns, 1.8661 us/op
WorkloadPilot   15: 262144 op, 492504000.00 ns, 1.8788 us/op
WorkloadPilot   16: 524288 op, 944123600.00 ns, 1.8008 us/op

OverheadWarmup   1: 524288 op, 1093100.00 ns, 2.0849 ns/op
OverheadWarmup   2: 524288 op, 800600.00 ns, 1.5270 ns/op
OverheadWarmup   3: 524288 op, 817200.00 ns, 1.5587 ns/op
OverheadWarmup   4: 524288 op, 999600.00 ns, 1.9066 ns/op
OverheadWarmup   5: 524288 op, 839400.00 ns, 1.6010 ns/op
OverheadWarmup   6: 524288 op, 832000.00 ns, 1.5869 ns/op
OverheadWarmup   7: 524288 op, 898000.00 ns, 1.7128 ns/op
OverheadWarmup   8: 524288 op, 1107600.00 ns, 2.1126 ns/op
OverheadWarmup   9: 524288 op, 788200.00 ns, 1.5034 ns/op

OverheadActual   1: 524288 op, 896600.00 ns, 1.7101 ns/op
OverheadActual   2: 524288 op, 857600.00 ns, 1.6357 ns/op
OverheadActual   3: 524288 op, 1092900.00 ns, 2.0845 ns/op
OverheadActual   4: 524288 op, 922700.00 ns, 1.7599 ns/op
OverheadActual   5: 524288 op, 1514700.00 ns, 2.8891 ns/op
OverheadActual   6: 524288 op, 1097500.00 ns, 2.0933 ns/op
OverheadActual   7: 524288 op, 1018700.00 ns, 1.9430 ns/op
OverheadActual   8: 524288 op, 1240600.00 ns, 2.3663 ns/op
OverheadActual   9: 524288 op, 1148300.00 ns, 2.1902 ns/op
OverheadActual  10: 524288 op, 903800.00 ns, 1.7239 ns/op
OverheadActual  11: 524288 op, 1050200.00 ns, 2.0031 ns/op
OverheadActual  12: 524288 op, 838400.00 ns, 1.5991 ns/op
OverheadActual  13: 524288 op, 983500.00 ns, 1.8759 ns/op
OverheadActual  14: 524288 op, 871700.00 ns, 1.6626 ns/op
OverheadActual  15: 524288 op, 892300.00 ns, 1.7019 ns/op
OverheadActual  16: 524288 op, 849000.00 ns, 1.6193 ns/op
OverheadActual  17: 524288 op, 868800.00 ns, 1.6571 ns/op
OverheadActual  18: 524288 op, 880300.00 ns, 1.6790 ns/op
OverheadActual  19: 524288 op, 855900.00 ns, 1.6325 ns/op
OverheadActual  20: 524288 op, 822000.00 ns, 1.5678 ns/op

WorkloadWarmup   1: 524288 op, 944052200.00 ns, 1.8006 us/op
WorkloadWarmup   2: 524288 op, 947402100.00 ns, 1.8070 us/op
WorkloadWarmup   3: 524288 op, 967356400.00 ns, 1.8451 us/op
WorkloadWarmup   4: 524288 op, 964940400.00 ns, 1.8405 us/op
WorkloadWarmup   5: 524288 op, 917517300.00 ns, 1.7500 us/op
WorkloadWarmup   6: 524288 op, 968768700.00 ns, 1.8478 us/op
WorkloadWarmup   7: 524288 op, 996545800.00 ns, 1.9008 us/op
WorkloadWarmup   8: 524288 op, 1067855000.00 ns, 2.0368 us/op
WorkloadWarmup   9: 524288 op, 1122094000.00 ns, 2.1402 us/op
WorkloadWarmup  10: 524288 op, 1059703300.00 ns, 2.0212 us/op

WorkloadActual   1: 524288 op, 999930600.00 ns, 1.9072 us/op
WorkloadActual   2: 524288 op, 1009087100.00 ns, 1.9247 us/op
WorkloadActual   3: 524288 op, 976974200.00 ns, 1.8634 us/op
WorkloadActual   4: 524288 op, 1015219100.00 ns, 1.9364 us/op
WorkloadActual   5: 524288 op, 947053600.00 ns, 1.8064 us/op
WorkloadActual   6: 524288 op, 1042571900.00 ns, 1.9885 us/op
WorkloadActual   7: 524288 op, 994034900.00 ns, 1.8960 us/op
WorkloadActual   8: 524288 op, 978803200.00 ns, 1.8669 us/op
WorkloadActual   9: 524288 op, 951517100.00 ns, 1.8149 us/op
WorkloadActual  10: 524288 op, 1094001200.00 ns, 2.0866 us/op
WorkloadActual  11: 524288 op, 1055377100.00 ns, 2.0130 us/op
WorkloadActual  12: 524288 op, 1062141700.00 ns, 2.0259 us/op
WorkloadActual  13: 524288 op, 961444000.00 ns, 1.8338 us/op
WorkloadActual  14: 524288 op, 1004092000.00 ns, 1.9152 us/op
WorkloadActual  15: 524288 op, 945295800.00 ns, 1.8030 us/op

WorkloadResult   1: 524288 op, 999030400.00 ns, 1.9055 us/op
WorkloadResult   2: 524288 op, 1008186900.00 ns, 1.9230 us/op
WorkloadResult   3: 524288 op, 976074000.00 ns, 1.8617 us/op
WorkloadResult   4: 524288 op, 1014318900.00 ns, 1.9347 us/op
WorkloadResult   5: 524288 op, 946153400.00 ns, 1.8046 us/op
WorkloadResult   6: 524288 op, 1041671700.00 ns, 1.9868 us/op
WorkloadResult   7: 524288 op, 993134700.00 ns, 1.8943 us/op
WorkloadResult   8: 524288 op, 977903000.00 ns, 1.8652 us/op
WorkloadResult   9: 524288 op, 950616900.00 ns, 1.8132 us/op
WorkloadResult  10: 524288 op, 1093101000.00 ns, 2.0849 us/op
WorkloadResult  11: 524288 op, 1054476900.00 ns, 2.0113 us/op
WorkloadResult  12: 524288 op, 1061241500.00 ns, 2.0242 us/op
WorkloadResult  13: 524288 op, 960543800.00 ns, 1.8321 us/op
WorkloadResult  14: 524288 op, 1003191800.00 ns, 1.9134 us/op
WorkloadResult  15: 524288 op, 944395600.00 ns, 1.8013 us/op
// GC:  0 0 0 4320 524288
// Threading:  0 0 524288

// Launch: 2 / 2

// Benchmark Process Environment Information:
// BenchmarkDotNet v0.15.8
// Runtime=.NET 10.0.12 (10.0.12, 10.0.1226.42308), X64 RyuJIT x86-64-v3
// GC=Concurrent Workstation
// HardwareIntrinsics=AVX2+BMI1+BMI2+F16C+FMA+LZCNT+MOVBE,AVX,SSE3+SSSE3+SSE4.1+SSE4.2+POPCNT,X86Base+SSE+SSE2,AES+PCLMUL VectorSize=256
// Job: Job-HRAFHT(Toolchain=InProcessEmitToolchain, IterationCount=15, LaunchCount=2, WarmupCount=10)

OverheadJitting  1: 1 op, 300.00 ns, 300.0000 ns/op
WorkloadJitting  1: 1 op, 6000.00 ns, 6.0000 us/op

OverheadJitting  2: 16 op, 400.00 ns, 25.0000 ns/op
WorkloadJitting  2: 16 op, 33600.00 ns, 2.1000 us/op

WorkloadPilot    1: 16 op, 35600.00 ns, 2.2250 us/op
WorkloadPilot    2: 32 op, 52600.00 ns, 1.6438 us/op
WorkloadPilot    3: 64 op, 128800.00 ns, 2.0125 us/op
WorkloadPilot    4: 128 op, 231600.00 ns, 1.8094 us/op
WorkloadPilot    5: 256 op, 549900.00 ns, 2.1480 us/op
WorkloadPilot    6: 512 op, 1208700.00 ns, 2.3607 us/op
WorkloadPilot    7: 1024 op, 1781100.00 ns, 1.7394 us/op
WorkloadPilot    8: 2048 op, 3568700.00 ns, 1.7425 us/op
WorkloadPilot    9: 4096 op, 9396000.00 ns, 2.2939 us/op
WorkloadPilot   10: 8192 op, 17056600.00 ns, 2.0821 us/op
WorkloadPilot   11: 16384 op, 34889800.00 ns, 2.1295 us/op
WorkloadPilot   12: 32768 op, 66549000.00 ns, 2.0309 us/op
WorkloadPilot   13: 65536 op, 145378300.00 ns, 2.2183 us/op
WorkloadPilot   14: 131072 op, 268535100.00 ns, 2.0488 us/op
WorkloadPilot   15: 262144 op, 531913600.00 ns, 2.0291 us/op

OverheadWarmup   1: 262144 op, 648500.00 ns, 2.4738 ns/op
OverheadWarmup   2: 262144 op, 463100.00 ns, 1.7666 ns/op
OverheadWarmup   3: 262144 op, 534300.00 ns, 2.0382 ns/op
OverheadWarmup   4: 262144 op, 651700.00 ns, 2.4860 ns/op
OverheadWarmup   5: 262144 op, 529100.00 ns, 2.0184 ns/op
OverheadWarmup   6: 262144 op, 631700.00 ns, 2.4097 ns/op
OverheadWarmup   7: 262144 op, 667900.00 ns, 2.5478 ns/op
OverheadWarmup   8: 262144 op, 578600.00 ns, 2.2072 ns/op

OverheadActual   1: 262144 op, 644600.00 ns, 2.4590 ns/op
OverheadActual   2: 262144 op, 567800.00 ns, 2.1660 ns/op
OverheadActual   3: 262144 op, 501000.00 ns, 1.9112 ns/op
OverheadActual   4: 262144 op, 498500.00 ns, 1.9016 ns/op
OverheadActual   5: 262144 op, 563700.00 ns, 2.1503 ns/op
OverheadActual   6: 262144 op, 779600.00 ns, 2.9739 ns/op
OverheadActual   7: 262144 op, 515600.00 ns, 1.9669 ns/op
OverheadActual   8: 262144 op, 481800.00 ns, 1.8379 ns/op
OverheadActual   9: 262144 op, 591000.00 ns, 2.2545 ns/op
OverheadActual  10: 262144 op, 454900.00 ns, 1.7353 ns/op
OverheadActual  11: 262144 op, 563500.00 ns, 2.1496 ns/op
OverheadActual  12: 262144 op, 505300.00 ns, 1.9276 ns/op
OverheadActual  13: 262144 op, 699000.00 ns, 2.6665 ns/op
OverheadActual  14: 262144 op, 576100.00 ns, 2.1976 ns/op
OverheadActual  15: 262144 op, 557000.00 ns, 2.1248 ns/op
OverheadActual  16: 262144 op, 443500.00 ns, 1.6918 ns/op
OverheadActual  17: 262144 op, 625900.00 ns, 2.3876 ns/op
OverheadActual  18: 262144 op, 581800.00 ns, 2.2194 ns/op
OverheadActual  19: 262144 op, 537700.00 ns, 2.0512 ns/op
OverheadActual  20: 262144 op, 513100.00 ns, 1.9573 ns/op

WorkloadWarmup   1: 262144 op, 489055100.00 ns, 1.8656 us/op
WorkloadWarmup   2: 262144 op, 518149000.00 ns, 1.9766 us/op
WorkloadWarmup   3: 262144 op, 525108700.00 ns, 2.0031 us/op
WorkloadWarmup   4: 262144 op, 484173700.00 ns, 1.8470 us/op
WorkloadWarmup   5: 262144 op, 475417600.00 ns, 1.8136 us/op
WorkloadWarmup   6: 262144 op, 527150200.00 ns, 2.0109 us/op
WorkloadWarmup   7: 262144 op, 527201300.00 ns, 2.0111 us/op
WorkloadWarmup   8: 262144 op, 496585200.00 ns, 1.8943 us/op
WorkloadWarmup   9: 262144 op, 472202600.00 ns, 1.8013 us/op
WorkloadWarmup  10: 262144 op, 464391900.00 ns, 1.7715 us/op

WorkloadActual   1: 262144 op, 529897700.00 ns, 2.0214 us/op
WorkloadActual   2: 262144 op, 454707200.00 ns, 1.7346 us/op
WorkloadActual   3: 262144 op, 457268200.00 ns, 1.7443 us/op
WorkloadActual   4: 262144 op, 449391100.00 ns, 1.7143 us/op
WorkloadActual   5: 262144 op, 543935200.00 ns, 2.0749 us/op
WorkloadActual   6: 262144 op, 466865300.00 ns, 1.7809 us/op
WorkloadActual   7: 262144 op, 423626900.00 ns, 1.6160 us/op
WorkloadActual   8: 262144 op, 442797200.00 ns, 1.6891 us/op
WorkloadActual   9: 262144 op, 470349900.00 ns, 1.7942 us/op
WorkloadActual  10: 262144 op, 431885100.00 ns, 1.6475 us/op
WorkloadActual  11: 262144 op, 426043100.00 ns, 1.6252 us/op
WorkloadActual  12: 262144 op, 433019400.00 ns, 1.6518 us/op
WorkloadActual  13: 262144 op, 448678900.00 ns, 1.7116 us/op
WorkloadActual  14: 262144 op, 435536500.00 ns, 1.6614 us/op
WorkloadActual  15: 262144 op, 435984900.00 ns, 1.6632 us/op

WorkloadResult   1: 262144 op, 454146950.00 ns, 1.7324 us/op
WorkloadResult   2: 262144 op, 456707950.00 ns, 1.7422 us/op
WorkloadResult   3: 262144 op, 448830850.00 ns, 1.7122 us/op
WorkloadResult   4: 262144 op, 466305050.00 ns, 1.7788 us/op
WorkloadResult   5: 262144 op, 423066650.00 ns, 1.6139 us/op
WorkloadResult   6: 262144 op, 442236950.00 ns, 1.6870 us/op
WorkloadResult   7: 262144 op, 469789650.00 ns, 1.7921 us/op
WorkloadResult   8: 262144 op, 431324850.00 ns, 1.6454 us/op
WorkloadResult   9: 262144 op, 425482850.00 ns, 1.6231 us/op
WorkloadResult  10: 262144 op, 432459150.00 ns, 1.6497 us/op
WorkloadResult  11: 262144 op, 448118650.00 ns, 1.7094 us/op
WorkloadResult  12: 262144 op, 434976250.00 ns, 1.6593 us/op
WorkloadResult  13: 262144 op, 435424650.00 ns, 1.6610 us/op
// GC:  0 0 0 2352 262144
// Threading:  0 0 262144


Mean = 1.809 μs, StdErr = 0.025 μs (1.38%), N = 28, StdDev = 0.132 μs
Min = 1.614 μs, Q1 = 1.704 μs, Median = 1.803 μs, Q3 = 1.907 μs, Max = 2.085 μs
IQR = 0.204 μs, LowerFence = 1.398 μs, UpperFence = 2.213 μs
ConfidenceInterval = [1.717 μs; 1.902 μs] (CI 99.9%), Margin = 0.092 μs (5.10% of Mean)
Skewness = 0.27, Kurtosis = 1.95, MValue = 3.56

// ** Remained 15 (83.3%) benchmark(s) to run. Estimated finish 2026-09-28 16:32 (0h 11m from now) **
Setup power plan (GUID: 8c5e7fda-e8bf-4a96-9a85-a6e23a8c635c FriendlyName: High performance)
// **************************
// Benchmark: AsyncResourceSyncBenchmarks.DrawBatch_Concurrent_LockContention: MediumRun(Toolchain=InProcessEmitToolchain, IterationCount=15, LaunchCount=2, WarmupCount=10) [TileCount=5]
// *** Execute ***
// Launch: 1 / 2

// Benchmark Process Environment Information:
// BenchmarkDotNet v0.15.8
// Runtime=.NET 10.0.12 (10.0.12, 10.0.1226.42308), X64 RyuJIT x86-64-v3
// GC=Concurrent Workstation
// HardwareIntrinsics=AVX2+BMI1+BMI2+F16C+FMA+LZCNT+MOVBE,AVX,SSE3+SSSE3+SSE4.1+SSE4.2+POPCNT,X86Base+SSE+SSE2,AES+PCLMUL VectorSize=256
// Job: Job-HRAFHT(Toolchain=InProcessEmitToolchain, IterationCount=15, LaunchCount=2, WarmupCount=10)

OverheadJitting  1: 1 op, 188100.00 ns, 188.1000 us/op
WorkloadJitting  1: 1 op, 15361500.00 ns, 15.3615 ms/op

OverheadJitting  2: 16 op, 374400.00 ns, 23.4000 us/op
WorkloadJitting  2: 16 op, 1999900.00 ns, 124.9938 us/op

WorkloadPilot    1: 16 op, 1273100.00 ns, 79.5688 us/op
WorkloadPilot    2: 32 op, 2088900.00 ns, 65.2781 us/op
WorkloadPilot    3: 64 op, 3803200.00 ns, 59.4250 us/op
WorkloadPilot    4: 128 op, 10132000.00 ns, 79.1563 us/op
WorkloadPilot    5: 256 op, 15900600.00 ns, 62.1117 us/op
WorkloadPilot    6: 512 op, 43337900.00 ns, 84.6443 us/op
WorkloadPilot    7: 1024 op, 38461200.00 ns, 37.5598 us/op
WorkloadPilot    8: 2048 op, 108127400.00 ns, 52.7966 us/op
Successfully reverted power plan (GUID: 8c5e7fda-e8bf-4a96-9a85-a6e23a8c635c FriendlyName: High performance)
// * Artifacts cleanup *
Artifacts cleanup is finished
